[multim-html.vercel.app/marketing-agency/index.html]
[backblue.gif]
[fade.gif]
[index.html]
[multim-html.vercel.app/assets/css/plugins/fontawesome.min.css]
[multim-html.vercel.app/assets/css/plugins/bootstrap.min.css]
[multim-html.vercel.app/assets/css/plugins/lightgallery.min.css]
[multim-html.vercel.app/assets/css/plugins/slick.css]
[multim-html.vercel.app/assets/css/plugins/animate.css]
[multim-html.vercel.app/assets/css/style.css]
[multim-html.vercel.app/assets/css/theme_2.css]
[multim-html.vercel.app/marketing-agency/about.html]
[multim-html.vercel.app/marketing-agency/service.html]
[multim-html.vercel.app/marketing-agency/blog.html]
[multim-html.vercel.app/marketing-agency/blog-details.html]
[multim-html.vercel.app/marketing-agency/blog-details-2.html]
[multim-html.vercel.app/marketing-agency/blog-details-3.html]
[multim-html.vercel.app/marketing-agency/services-details.html]
[multim-html.vercel.app/marketing-agency/team.html]
[multim-html.vercel.app/marketing-agency/testimonial.html]
[multim-html.vercel.app/marketing-agency/contact.html]
[multim-html.vercel.app/marketing-agency/coming-soon.html]
[multim-html.vercel.app/marketing-agency/404.html]
[multim-html.vercel.app/assets/img/marketing/hero-img.png]
[multim-html.vercel.app/assets/img/marketing/image-box.jpg]
[multim-html.vercel.app/assets/img/marketing/team1.jpg]
[multim-html.vercel.app/assets/img/marketing/team2.jpg]
[multim-html.vercel.app/assets/img/marketing/team3.jpg]
[multim-html.vercel.app/assets/img/marketing/avatar1.jpg]
[multim-html.vercel.app/assets/img/marketing/avatar2.jpg]
[multim-html.vercel.app/assets/img/marketing/post1.jpg]
[multim-html.vercel.app/assets/img/marketing/post-avatar1.jpg]
[multim-html.vercel.app/assets/img/marketing/post2.jpg]
[multim-html.vercel.app/assets/img/marketing/post-avatar2.jpg]
[multim-html.vercel.app/assets/img/marketing/post3.jpg]
[multim-html.vercel.app/assets/img/marketing/post-avatar3.jpg]
[multim-html.vercel.app/assets/js/plugins/jquery-3.6.0.min.js]
[multim-html.vercel.app/assets/js/plugins/isotope.pkg.min.js]
[multim-html.vercel.app/assets/js/plugins/jquery.slick.min.js]
[multim-html.vercel.app/assets/js/plugins/lightgallery.min.js]
[multim-html.vercel.app/assets/js/plugins/jquery.counter.min.js]
[multim-html.vercel.app/assets/js/plugins/wow.min.js]
[multim-html.vercel.app/marketing-agency/index.html]
[multim-html.vercel.app/assets/css/plugins/fontawesome.min.css]
[multim-html.vercel.app/assets/css/plugins/bootstrap.min.css]
[multim-html.vercel.app/assets/js/main.js]
[multim-html.vercel.app/assets/css/img/vimeo-play.png]
[multim-html.vercel.app/assets/css/img/video-play.png]
[multim-html.vercel.app/assets/css/img/youtube-play.png]
[multim-html.vercel.app/assets/css/img/loading.gif]
[multim-html.vercel.app/assets/css/plugins/lightgallery.min.css]
[multim-html.vercel.app/assets/css/plugins/slick.css]
[multim-html.vercel.app/assets/css/plugins/animate.css]
[multim-html.vercel.app/assets/img/drag.png]
[multim-html.vercel.app/assets/css/style.css]
[multim-html.vercel.app/assets/css/theme_2.css]
[multim-html.vercel.app/assets/img/marketing/about-hero.jpg]
[multim-html.vercel.app/marketing-agency/about.html]
[multim-html.vercel.app/assets/img/marketing/service-hero.jpg]
[multim-html.vercel.app/marketing-agency/service.html]
[multim-html.vercel.app/assets/img/marketing/blog-hero.jpg]
[multim-html.vercel.app/assets/img/marketing/post4.jpg]
[multim-html.vercel.app/assets/img/marketing/post5.jpg]
[multim-html.vercel.app/assets/img/marketing/post6.jpg]
[multim-html.vercel.app/assets/img/marketing/post7.jpg]
[multim-html.vercel.app/assets/img/marketing/post8.jpg]
[multim-html.vercel.app/assets/img/marketing/post9.jpg]
[multim-html.vercel.app/marketing-agency/blog.html]
[multim-html.vercel.app/assets/img/digital-agency/post-details-1.jpg]
[multim-html.vercel.app/assets/img/digital-agency/post-details-2.jpg]
[multim-html.vercel.app/assets/img/digital-agency/avatar1.jpg]
[multim-html.vercel.app/assets/img/digital-agency/avatar2.jpg]
[multim-html.vercel.app/assets/img/digital-agency/avatar3.jpg]
[multim-html.vercel.app/assets/img/digital-agency/post1.jpg]
[multim-html.vercel.app/assets/img/digital-agency/post2.jpg]
[multim-html.vercel.app/assets/img/digital-agency/post3.jpg]
[multim-html.vercel.app/assets/img/digital-agency/post4.jpg]
[multim-html.vercel.app/marketing-agency/blog-details.html]
[multim-html.vercel.app/marketing-agency/blog-details-2.html]
[multim-html.vercel.app/assets/img/online-education/post1.jpg]
[multim-html.vercel.app/assets/img/online-education/post2.jpg]
[multim-html.vercel.app/assets/img/online-education/post3.jpg]
[multim-html.vercel.app/marketing-agency/blog-details-3.html]
[multim-html.vercel.app/assets/img/digital-agency/portfolio-details4.jpg]
[multim-html.vercel.app/marketing-agency/services-details.html]
[multim-html.vercel.app/assets/img/digital-agency/portfolio-details1.jpg]
[multim-html.vercel.app/marketing-agency/team.html]
[multim-html.vercel.app/marketing-agency/testimonial.html]
[multim-html.vercel.app/assets/img/digital-agency/contact1.png]
[multim-html.vercel.app/marketing-agency/contact.html]
[multim-html.vercel.app/marketing-agency/coming-soon.html]
[multim-html.vercel.app/marketing-agency/404.html]
[multim-html.vercel.app/assets/css/img/vimeo-play.html]
[multim-html.vercel.app/assets/css/img/video-play.html]
[multim-html.vercel.app/assets/css/img/youtube-play.html]
[multim-html.vercel.app/assets/css/img/loading.html]
